[www.hmk.net.pl/index.html]
[backblue.gif]
[fade.gif]
[index.html]
[www.hmk.net.pl/wp-content/themes/hmkemc/assets/css/bootstrap.css]
[www.hmk.net.pl/wp-content/themes/hmkemc/assets/css/bootstrap-theme.css]
[www.hmk.net.pl/wp-content/themes/hmkemc/assets/css/font-awesome.css]
[www.hmk.net.pl/wp-content/themes/hmkemc/assets/style.css]
[www.hmk.net.pl/wp-content/themes/hmkemc/assets/css/themetypo.css]
[www.hmk.net.pl/wp-content/themes/hmkemc/assets/css/responsive.css]
[www.hmk.net.pl/wp-content/themes/hmkemc/assets/css/widget.css]
[www.hmk.net.pl/wp-content/themes/hmkemc/assets/css/color.css]
[www.hmk.net.pl/wp-content/themes/hmkemc/assets/css/bxslider.css]
[www.hmk.net.pl/wp-content/themes/hmkemc/assets/css/prettyphoto.css]
[www.hmk.net.pl/wp-content/themes/hmkemc/assets/css/owl.carousel.css]
[www.hmk.net.pl/wp-content/themes/hmkemc/assets/css/offer-menu-style.css]
[maxcdn.bootstrapcdn.com/font-awesome/4.4.0/css/font-awesome.min.css]
[www.hmk.net.pl/wp-content/plugins/contact-form-7/includes/css/styles20fd.css]
[www.hmk.net.pl/wp-content/themes/hmkemc/style6959.css]
[www.hmk.net.pl/feed/index.html]
[www.hmk.net.pl/wp-content/themes/hmkemc-child/style6959.css]
[www.hmk.net.pl/wp-content/themes/hmkemc/genericons/genericons6bb7.css]
[www.hmk.net.pl/comments/feed/index.html]
[www.hmk.net.pl/wp-content/themes/hmkemc-child/style4a02.css]
[www.hmk.net.pl/wp-content/plugins/easy-fancybox/fancybox/jquery.fancybox-1.3.8.min1f22.css]
[www.hmk.net.pl/wp-includes/js/jquery/jquery-migrate.min330a.js]
[www.hmk.net.pl/xmlrpc0db0.php]
[www.hmk.net.pl/wp-includes/wlwmanifest.xml]
[www.hmk.net.pl/wp-content/themes/hmkemc/images/headers/circle.png]
[www.hmk.net.pl/wp-content/themes/hmkemc-child/images/logo2.png]
[www.hmk.net.pl/wp-json/index.html]
[www.hmk.net.pl/wp-content/themes/hmkemc-child/images/home-slider/slide1.jpg]
[www.hmk.net.pl/wp-includes/js/jquery/jqueryb8ff.js]
[www.hmk.net.pl/wp-content/themes/hmkemc-child/images/home-slider/slide2.jpg]
[www.hmk.net.pl/wp-content/themes/hmkemc-child/images/home-slider/slide3.jpg]
[www.hmk.net.pl/wp-content/themes/hmkemc-child/images/home-slider/slide4.jpg]
[www.hmk.net.pl/wp-content/themes/hmkemc-child/images/home-slider/slide5.jpg]
[www.hmk.net.pl/wp-content/themes/hmkemc-child/images/home-slider/slide6.jpg]
[www.hmk.net.pl/wp-content/themes/hmkemc-child/images/home-slider/transparent.png]
[www.hmk.net.pl/wp-content/uploads/2017/08/piony_01.jpg]
[www.hmk.net.pl/wp-content/uploads/2017/08/piony_02.jpg]
[www.hmk.net.pl/wp-content/themes/hmkemc-child/images/home-slider/chlodn2.jpg]
[www.hmk.net.pl/wp-content/themes/hmkemc-child/images/home-slider/klimat2.jpg]
[www.hmk.net.pl/wp-content/themes/hmkemc-child/images/home-slider/chlodn3.jpg]
[www.hmk.net.pl/wp-content/themes/hmkemc-child/images/home-slider/klimat3.jpg]
[www.hmk.net.pl/wp-content/themes/hmkemc-child/images/pictograms/uslugi-1.png]
[www.hmk.net.pl/uslugi/klimatyzacja/sprzedaz/index.html]
[www.hmk.net.pl/wp-content/themes/hmkemc-child/images/pictograms/uslugi-2.png]
[www.hmk.net.pl/uslugi/chlodnictwo/sprzedaz/index.html]
[www.hmk.net.pl/uslugi/klimatyzacja/montaz/index.html]
[www.hmk.net.pl/wp-content/themes/hmkemc-child/images/pictograms/uslugi-3.png]
[www.hmk.net.pl/uslugi/chlodnictwo/montaz/index.html]
[www.hmk.net.pl/uslugi/klimatyzacja/serwis/index.html]
[www.hmk.net.pl/wp-content/uploads/2017/08/paralaxa.jpg]
[www.hmk.net.pl/uslugi/chlodnictwo/serwis/index.html]
[www.hmk.net.pl/wp-content/uploads/2015/11/chlodnictwo.jpg]
[www.hmk.net.pl/wp-content/uploads/2017/08/klima1.jpg]
[www.hmk.net.pl/wp-content/uploads/2017/08/dlaczego-1.png]
[www.hmk.net.pl/wp-content/uploads/2017/08/yt.png]
[www.hmk.net.pl/wp-content/uploads/2017/08/dlaczego-2.png]
[www.hmk.net.pl/wp-content/uploads/2017/08/dlaczego-2-hover.png]
[www.hmk.net.pl/wp-content/uploads/2017/08/dlaczego-3.png]
[www.hmk.net.pl/wp-content/uploads/2017/08/dlaczego-3-hover.png]
[www.hmk.net.pl/wp-content/uploads/2017/08/dlaczego-4.png]
[www.hmk.net.pl/wp-content/uploads/2017/08/dlaczego-4-hover.png]
[www.hmk.net.pl/wp-content/uploads/2017/08/dlaczego-5.png]
[www.hmk.net.pl/wp-content/uploads/2017/08/dlaczego-5-hover.png]
[www.hmk.net.pl/wp-content/uploads/2017/08/LOGO-Płatek-male.jpg]
[www.hmk.net.pl/wp-content/uploads/2015/11/logo-1.png]
[www.hmk.net.pl/wp-content/uploads/2015/11/logo-2.jpg]
[www.hmk.net.pl/wp-content/themes/hmkemc/assets/extraimages/blog-bg-sec-par.jpg]
[www.hmk.net.pl/wp-content/uploads/2018/02/Scan.jpg]
[www.hmk.net.pl/wp-content/uploads/2018/02/certyfikat-LG.jpg]
[www.hmk.net.pl/referencje-cert/certyfikat-lg-2/index.html]
[www.hmk.net.pl/wp-content/uploads/2017/08/udt2.jpg]
[www.hmk.net.pl/referencje-cert/certyfikat-lg/index.html]
[www.hmk.net.pl/wp-content/uploads/2017/08/utd.jpg]
[www.hmk.net.pl/referencje-cert/dozor-2/index.html]
[www.hmk.net.pl/wp-content/uploads/2015/11/emcg_logo_v2-e1448537432201.png]
[www.hmk.net.pl/referencje-cert/dozor/index.html]
[www.hmk.net.pl/wp-content/themes/hmkemc/assets/js/jquery.js]
[www.hmk.net.pl/wp-content/themes/hmkemc/assets/js/bootstrap.min.js]
[www.hmk.net.pl/wp-content/themes/hmkemc/assets/js/jquery.bxslider.min.js]
[www.hmk.net.pl/wp-content/themes/hmkemc/assets/js/jquery.prettyphoto.js]
[www.hmk.net.pl/wp-content/themes/hmkemc/assets/js/jquery.countdown.js]
[www.hmk.net.pl/wp-content/themes/hmkemc/assets/js/filterable.js]
[www.hmk.net.pl/wp-content/themes/hmkemc/assets/js/jquery.accordion.js]
[www.hmk.net.pl/wp-content/themes/hmkemc/assets/js/owl.carousel.min.js]
[www.hmk.net.pl/wp-content/themes/hmkemc/assets/js/jquery.singlePageNav.js]
[www.hmk.net.pl/wp-content/themes/hmkemc/assets/js/functions.js]
[www.hmk.net.pl/wp-content/themes/hmkemc-child/js/functions.js]
[www.hmk.net.pl/wp-content/plugins/contact-form-7/includes/js/scripts20fd.js]
[www.hmk.net.pl/wp-includes/js/imagesloaded.min55a0.js]
[www.hmk.net.pl/wp-includes/js/jquery/jquery.masonry.minef70.js]
[www.hmk.net.pl/wp-content/themes/hmkemc/js/functions8337.js]
[www.hmk.net.pl/wp-includes/js/masonry.mind617.js]
[www.hmk.net.pl/wp-includes/js/wp-embed.min6959.js]
[www.hmk.net.pl/wp-content/plugins/easy-fancybox/fancybox/jquery.fancybox-1.3.8.min1f22.js]
[www.hmk.net.pl/wp-content/plugins/easy-fancybox/js/jquery.easing.min2fca.js]
[www.hmk.net.pl/index.html]
[www.hmk.net.pl/xmlrpc.php]
[www.hmk.net.pl/wp-content/plugins/easy-fancybox/js/jquery.mousewheel.mina9d5.js]
[www.hmk.net.pl/wp-content/themes/hmkemc/assets/fonts/glyphicons-halflings-regular.eot]
[www.hmk.net.pl/wp-content/themes/hmkemc/assets/fonts/glyphicons-halflings-regulard41d.eot]
[www.hmk.net.pl/wp-content/themes/hmkemc/assets/fonts/glyphicons-halflings-regular.woff]
[www.hmk.net.pl/wp-content/themes/hmkemc/assets/fonts/glyphicons-halflings-regular.ttf]
[www.hmk.net.pl/wp-content/themes/hmkemc/assets/fonts/glyphicons-halflings-regular.svg]
[www.hmk.net.pl/wp-content/themes/hmkemc/assets/css/bootstrap.css]
[www.hmk.net.pl/wp-content/themes/hmkemc/assets/css/bootstrap-theme.css]
[www.hmk.net.pl/wp-content/themes/hmkemc/assets/fonts/fontawesome-webfont78ce.eot]
[www.hmk.net.pl/wp-content/themes/hmkemc/assets/fonts/fontawesome-webfont78ce.svg]
[www.hmk.net.pl/wp-content/themes/hmkemc/assets/fonts/fontawesome-webfontd41d.eot]
[www.hmk.net.pl/wp-content/themes/hmkemc/assets/css/font-awesome.css]
[www.hmk.net.pl/wp-content/themes/hmkemc/assets/fonts/fontawesome-webfont78ce.woff]
[www.hmk.net.pl/wp-content/themes/hmkemc/assets/images/under-bg.jpg]
[www.hmk.net.pl/wp-content/themes/hmkemc/assets/fonts/fontawesome-webfont78ce.ttf]
[www.hmk.net.pl/wp-content/themes/hmkemc/assets/style.css]
[www.hmk.net.pl/wp-content/themes/hmkemc/assets/images/pattern-12.png]
[www.hmk.net.pl/wp-content/themes/hmkemc/assets/css/themetypo.css]
[www.hmk.net.pl/wp-content/themes/hmkemc/assets/css/responsive.css]
[www.hmk.net.pl/wp-content/themes/hmkemc/assets/css/widget.css]
[www.hmk.net.pl/wp-content/themes/hmkemc/assets/css/color.css]
[www.hmk.net.pl/wp-content/themes/hmkemc/assets/images/bx_loader.gif]
[www.hmk.net.pl/wp-content/themes/hmkemc/assets/css/bxslider.css]
[www.hmk.net.pl/wp-content/themes/hmkemc/assets/images/prettyPhoto/default/sprite.png]
[www.hmk.net.pl/wp-content/themes/hmkemc/assets/images/prettyPhoto/default/sprite_x.png]
[www.hmk.net.pl/wp-content/themes/hmkemc/assets/images/prettyPhoto/default/sprite_y.png]
[www.hmk.net.pl/wp-content/themes/hmkemc/assets/images/prettyPhoto/default/sprite_next.png]
[www.hmk.net.pl/wp-content/themes/hmkemc/assets/images/prettyPhoto/default/sprite_prev.png]
[www.hmk.net.pl/wp-content/themes/hmkemc/assets/images/prettyPhoto/default/default_thumb.png]
[www.hmk.net.pl/wp-content/themes/hmkemc/assets/images/prettyPhoto/default/loader.gif]
[www.hmk.net.pl/wp-content/themes/hmkemc/assets/images/prettyPhoto/light_rounded/sprite.png]
[www.hmk.net.pl/wp-content/themes/hmkemc/assets/images/prettyPhoto/light_rounded/btnNext.png]
[www.hmk.net.pl/wp-content/themes/hmkemc/assets/images/prettyPhoto/light_rounded/btnPrevious.png]
[www.hmk.net.pl/wp-content/themes/hmkemc/assets/images/prettyPhoto/dark_rounded/sprite.png]
[www.hmk.net.pl/wp-content/themes/hmkemc/assets/images/prettyPhoto/dark_rounded/contentPattern.png]
[www.hmk.net.pl/wp-content/themes/hmkemc/assets/images/prettyPhoto/dark_rounded/btnNext.png]
[www.hmk.net.pl/wp-content/themes/hmkemc/assets/images/prettyPhoto/dark_rounded/btnPrevious.png]
[www.hmk.net.pl/wp-content/themes/hmkemc/assets/images/prettyPhoto/dark_rounded/loader.gif]
[www.hmk.net.pl/wp-content/themes/hmkemc/assets/images/prettyPhoto/dark_square/loader.gif]
[www.hmk.net.pl/wp-content/themes/hmkemc/assets/images/prettyPhoto/dark_square/sprite.png]
[www.hmk.net.pl/wp-content/themes/hmkemc/assets/images/prettyPhoto/dark_square/btnNext.png]
[www.hmk.net.pl/wp-content/themes/hmkemc/assets/images/prettyPhoto/dark_square/btnPrevious.png]
[www.hmk.net.pl/wp-content/themes/hmkemc/assets/images/prettyPhoto/light_square/sprite.png]
[www.hmk.net.pl/wp-content/themes/hmkemc/assets/images/prettyPhoto/light_square/btnNext.png]
[www.hmk.net.pl/wp-content/themes/hmkemc/assets/images/prettyPhoto/light_square/btnPrevious.png]
[www.hmk.net.pl/wp-content/themes/hmkemc/assets/images/prettyPhoto/facebook/sprite.png]
[www.hmk.net.pl/wp-content/themes/hmkemc/assets/images/prettyPhoto/facebook/contentPatternTop.png]
[www.hmk.net.pl/wp-content/themes/hmkemc/assets/images/prettyPhoto/facebook/contentPatternLeft.png]
[www.hmk.net.pl/wp-content/themes/hmkemc/assets/images/prettyPhoto/facebook/contentPatternRight.png]
[www.hmk.net.pl/wp-content/themes/hmkemc/assets/images/prettyPhoto/facebook/loader.gif]
[www.hmk.net.pl/wp-content/themes/hmkemc/assets/images/prettyPhoto/facebook/btnNext.png]
[www.hmk.net.pl/wp-content/themes/hmkemc/assets/images/prettyPhoto/facebook/btnPrevious.png]
[www.hmk.net.pl/wp-content/themes/hmkemc/assets/images/prettyPhoto/facebook/contentPatternBottom.png]
[www.hmk.net.pl/wp-content/themes/hmkemc/assets/images/prettyPhoto/facebook/default_thumbnail.gif]
[www.hmk.net.pl/wp-content/themes/hmkemc/assets/images/prettyPhoto/light_rounded/loader.gif]
[www.hmk.net.pl/wp-content/themes/hmkemc/assets/css/prettyphoto.css]
[www.hmk.net.pl/wp-content/themes/hmkemc/assets/css/owl.video.play.png]
[www.hmk.net.pl/wp-content/themes/hmkemc/assets/css/owl.carousel.css]
[www.hmk.net.pl/wp-content/themes/hmkemc/assets/css/offer-menu-style.css]
[maxcdn.bootstrapcdn.com/font-awesome/4.4.0/css/font-awesome.min.css]
[www.hmk.net.pl/wp-content/plugins/contact-form-7/images/ajax-loader.gif]
[www.hmk.net.pl/wp-content/plugins/contact-form-7/includes/css/styles20fd.css]
[www.hmk.net.pl/wp-content/themes/hmkemc/style6959.css]
[www.hmk.net.pl/wp-content/themes/hmkemc-child/images/gradient-blue.png]
[www.hmk.net.pl/wp-content/themes/images/welcome-theme.jpg]
[www.hmk.net.pl/wp-content/themes/hmkemc-child/style6959.css]
[www.hmk.net.pl/wp-content/themes/hmkemc/genericons/genericons6bb7.css]
[www.hmk.net.pl/wp-content/themes/hmkemc/genericons/font/genericons-regular-webfont.svg]
[www.hmk.net.pl/wp-content/themes/hmkemc-child/style4a02.css]
[www.hmk.net.pl/wp-content/plugins/easy-fancybox/fancybox/fancybox.png]
[www.hmk.net.pl/wp-content/themes/hmkemc/genericons/font/genericons-regular-webfont.eot]
[www.hmk.net.pl/wp-content/plugins/easy-fancybox/fancybox/fancybox-x.png]
[www.hmk.net.pl/wp-content/plugins/easy-fancybox/fancybox/jquery.fancybox-1.3.8.min1f22.css]
[www.hmk.net.pl/wp-content/themes/hmkemc/genericons/font/genericons-regular-webfont.ttf]
[www.hmk.net.pl/wp-json/oembed/1.0/embed32e5.json]
[www.hmk.net.pl/uslugi/klimatyzacja/sprzedaz/index.html]
[www.hmk.net.pl/wp-json/oembed/1.0/embed033f]
[www.hmk.net.pl/wp-json/oembed/1.0/embed4650.json]
[www.hmk.net.pl/uslugi/chlodnictwo/sprzedaz/index.html]
[www.hmk.net.pl/wp-content/uploads/2017/08/mini_02.jpg]
[www.hmk.net.pl/wp-json/oembed/1.0/embedff0f]
[www.hmk.net.pl/wp-json/oembed/1.0/embeda61f.json]
[www.hmk.net.pl/uslugi/klimatyzacja/montaz/index.html]
[www.hmk.net.pl/wp-content/uploads/2015/11/chlod-300x104.jpg]
[www.hmk.net.pl/wp-json/oembed/1.0/embed3101]
[www.hmk.net.pl/wp-json/oembed/1.0/embedbea4.json]
[www.hmk.net.pl/wp-content/uploads/2015/11/chlod.jpg]
[www.hmk.net.pl/uslugi/chlodnictwo/montaz/index.html]
[www.hmk.net.pl/wp-json/oembed/1.0/embed63f8]
[www.hmk.net.pl/wp-content/uploads/2017/08/mini_01.jpg]
[www.hmk.net.pl/wp-json/oembed/1.0/embedbfdc.json]
[www.hmk.net.pl/uslugi/klimatyzacja/serwis/index.html]
[www.hmk.net.pl/wp-json/oembed/1.0/embedbecd]
[www.hmk.net.pl/wp-json/oembed/1.0/embedfd1b.json]
[www.hmk.net.pl/uslugi/chlodnictwo/serwis/index.html]
[www.hmk.net.pl/realizacje/healthy-atmosphere/index.html]
[www.hmk.net.pl/realizacje/clean-environment/index.html]
[www.hmk.net.pl/wp-json/oembed/1.0/embed4208]
[www.hmk.net.pl/realizacje/klimatyzacja/index.html]
[www.hmk.net.pl/realizacje/chlodnictwo/index.html]
[www.hmk.net.pl/wp-json/oembed/1.0/embedcd84.json]
[www.hmk.net.pl/wp-content/uploads/2018/02/Scan-604x270.jpg]
[www.hmk.net.pl/referencje-cert/certyfikat-lg-2/index.html]
[www.hmk.net.pl/wp-json/oembed/1.0/embed073a]
[www.hmk.net.pl/wp-json/oembed/1.0/embeda650.json]
[www.hmk.net.pl/wp-json/oembed/1.0/embeda97d]
[www.hmk.net.pl/wp-content/uploads/2018/02/certyfikat-LG-604x270.jpg]
[www.hmk.net.pl/referencje-cert/certyfikat-lg/index.html]
[www.hmk.net.pl/wp-json/oembed/1.0/embed70e5.json]
[www.hmk.net.pl/wp-json/oembed/1.0/embed09a5]
[www.hmk.net.pl/referencje-cert/dozor-2/index.html]
[www.hmk.net.pl/wp-content/uploads/2017/08/udt2-604x270.jpg]
[www.hmk.net.pl/wp-json/oembed/1.0/embed38bd.json]
[www.hmk.net.pl/referencje-cert/dozor/index.html]
[www.hmk.net.pl/wp-content/uploads/2017/08/utd-604x270.jpg]
[www.hmk.net.pl/wp-content/themes/hmkemc/assets/fonts/glyphicons-halflings-regular.html]
[www.hmk.net.pl/wp-content/themes/hmkemc/assets/fonts/glyphicons-halflings-regulard41d.html]
[www.hmk.net.pl/wp-content/themes/hmkemc/assets/fonts/glyphicons-halflings-regular-2.html]
[www.hmk.net.pl/wp-content/themes/hmkemc/assets/fonts/glyphicons-halflings-regular-3.html]
[www.hmk.net.pl/wp-content/themes/hmkemc/assets/fonts/glyphicons-halflings-regular-4.html]
[www.hmk.net.pl/wp-content/themes/hmkemc/assets/fonts/fontawesome-webfont78ce.svg]
[www.hmk.net.pl/wp-content/themes/hmkemc/assets/css/owl.video.play.html]
[www.hmk.net.pl/wp-content/themes/images/welcome-theme.html]
[www.hmk.net.pl/wp-content/themes/hmkemc/genericons/font/genericons-regular-webfont.svg]
[www.hmk.net.pl/indexcc0f.html]
[www.hmk.net.pl/index4170.html]
[www.hmk.net.pl/index4579.html]
[www.hmk.net.pl/index2dc8.html]
[www.hmk.net.pl/index6aed.html]
[www.hmk.net.pl/indexe9b4.html]
[www.hmk.net.pl/wp-json/oembed/1.0/embed0b3a]
[www.hmk.net.pl/wp-json/oembed/1.0/embed26ad.json]
[www.hmk.net.pl/wp-content/uploads/2015/11/chlodnictwo-450x270.jpg]
[www.hmk.net.pl/wp-json/oembed/1.0/embed4582]
[www.hmk.net.pl/wp-content/uploads/2015/11/18870247_1461502140574369_730395471_o.jpg]
[www.hmk.net.pl/wp-content/uploads/2015/11/18870247_1461502140574369_730395471_o-150x150.jpg]
[www.hmk.net.pl/wp-content/uploads/2015/11/20170310_152458.jpg]
[www.hmk.net.pl/wp-content/uploads/2015/11/20170310_152458-150x150.jpg]
[www.hmk.net.pl/wp-content/uploads/2015/11/IMG_0043.jpg]
[www.hmk.net.pl/wp-content/uploads/2015/11/IMG_0043-150x150.jpg]
[www.hmk.net.pl/wp-content/uploads/2015/11/IMG_0056.jpg]
[www.hmk.net.pl/wp-content/uploads/2015/11/IMG_0056-150x150.jpg]
[www.hmk.net.pl/wp-content/uploads/2015/11/IMG_0223.jpg]
[www.hmk.net.pl/wp-content/uploads/2015/11/IMG_0223-150x150.jpg]
[www.hmk.net.pl/wp-content/uploads/2015/11/IMG_0222.jpg]
[www.hmk.net.pl/wp-content/uploads/2015/11/IMG_0222-150x150.jpg]
[www.hmk.net.pl/realizacje/chlodnictwo/index.html]
[www.hmk.net.pl/wp-content/uploads/2015/11/2.-mini.jpg]
[www.hmk.net.pl/wp-json/oembed/1.0/embed2d96.json]
[www.hmk.net.pl/wp-json/oembed/1.0/embed7c8c]
[www.hmk.net.pl/wp-content/uploads/2015/11/2.-mini-450x270.jpg]
[www.hmk.net.pl/wp-content/uploads/2015/11/1..jpg]
[www.hmk.net.pl/wp-content/uploads/2015/11/1.-150x150.jpg]
[www.hmk.net.pl/wp-content/uploads/2015/11/2..jpg]
[www.hmk.net.pl/wp-content/uploads/2015/11/2.-150x150.jpg]
[www.hmk.net.pl/wp-content/uploads/2015/11/3..jpg]
[www.hmk.net.pl/wp-content/uploads/2015/11/3.-150x150.jpg]
[www.hmk.net.pl/wp-content/uploads/2015/11/20160803_112716.jpg]
[www.hmk.net.pl/wp-content/uploads/2015/11/20160803_112716-150x150.jpg]
[www.hmk.net.pl/realizacje/klimatyzacja/index.html]
[www.hmk.net.pl/indexcfe0.html]
[www.hmk.net.pl/index8a71.html]
[www.hmk.net.pl/indexccf8.html]
[www.hmk.net.pl/indexb7c7.html]
[www.hmk.net.pl/index678b.html]
[www.hmk.net.pl/index5757.html]
